// Jest Snapshot v1, https://goo.gl/fbAQLP

exports[`Modal tests render component 1`] = `
<div>
  <div
    class="sc-bcXHqe cKlEbh"
  >
    <div
      class="sc-gswNZR KNhBV"
    >
      <h1 />
    </div>
    <div
      class="sc-dkrFOg jQa-dgm"
    >
      <img
        alt=""
        class="sc-hLBbgP ditexo"
      />
      <div
        class="sc-eDvSVe iaSCtz"
      >
        <button
          class="sc-jSUZER dZZVJU"
        />
      </div>
    </div>
  </div>
</div>
`;
