// Jest Snapshot v1, https://goo.gl/fbAQLP

exports[`View tests render component 1`] = `
<div>
  <div
    class="sc-bcXHqe cGeFCO"
  >
    00 : 01
  </div>
</div>
`;
